// Jest Snapshot v1, https://goo.gl/fbAQLP

exports[`Card Component renders Cards 1`] = `
<ul>
  <li
    key="5da237699734fdcb7bef8f51"
  >
    <Card
      _id="5da237699734fdcb7bef8f51"
      image="https://vignette.wikia.nocookie.net/heyarnold/images/f/f5/Arnold.png/revision/latest?cb=20181027162333"
      name="Arnold Shortman"
    />
  </li>
  <li
    key="5da237699734fdcb7bef8f53"
  >
    <Card
      _id="5da237699734fdcb7bef8f53"
      image="https://vignette.wikia.nocookie.net/heyarnold/images/7/7b/DB87AC2A-C2C2-4DAB-AECF-B9F7273C746B.png/revision/latest/scale-to-width-down/306?cb=20190816101257"
      name="Grandma Gertie"
    />
  </li>
</ul>
`;
